------------------------------------------------------------
TimeQuest Timing Analyzer Summary
------------------------------------------------------------

Type  : Slow Model Setup 'clkFPGA'
Slack : -9.350
TNS   : -7904.775

Type  : Slow Model Setup 'insereDado'
Slack : -0.987
TNS   : -31.938

Type  : Slow Model Setup 'contadorPWM:inst17|lpm_counter:LPM_COUNTER_component|cntr_fjj:auto_generated|safe_q[0]'
Slack : 1.218
TNS   : 0.000

Type  : Slow Model Hold 'contadorPWM:inst17|lpm_counter:LPM_COUNTER_component|cntr_fjj:auto_generated|safe_q[0]'
Slack : -2.184
TNS   : -59.820

Type  : Slow Model Hold 'clkFPGA'
Slack : -2.133
TNS   : -15.290

Type  : Slow Model Hold 'insereDado'
Slack : 0.078
TNS   : 0.000

Type  : Slow Model Minimum Pulse Width 'contadorPWM:inst17|lpm_counter:LPM_COUNTER_component|cntr_fjj:auto_generated|safe_q[0]'
Slack : -1.675
TNS   : -149.750

Type  : Slow Model Minimum Pulse Width 'clkFPGA'
Slack : -1.627
TNS   : -4637.692

Type  : Slow Model Minimum Pulse Width 'insereDado'
Slack : -1.222
TNS   : -161.222

Type  : Fast Model Setup 'clkFPGA'
Slack : -3.444
TNS   : -2400.215

Type  : Fast Model Setup 'insereDado'
Slack : 0.033
TNS   : 0.000

Type  : Fast Model Setup 'contadorPWM:inst17|lpm_counter:LPM_COUNTER_component|cntr_fjj:auto_generated|safe_q[0]'
Slack : 0.962
TNS   : 0.000

Type  : Fast Model Hold 'clkFPGA'
Slack : -1.443
TNS   : -10.188

Type  : Fast Model Hold 'contadorPWM:inst17|lpm_counter:LPM_COUNTER_component|cntr_fjj:auto_generated|safe_q[0]'
Slack : -0.871
TNS   : -22.945

Type  : Fast Model Hold 'insereDado'
Slack : 0.114
TNS   : 0.000

Type  : Fast Model Minimum Pulse Width 'clkFPGA'
Slack : -1.627
TNS   : -4699.900

Type  : Fast Model Minimum Pulse Width 'insereDado'
Slack : -1.222
TNS   : -161.222

Type  : Fast Model Minimum Pulse Width 'contadorPWM:inst17|lpm_counter:LPM_COUNTER_component|cntr_fjj:auto_generated|safe_q[0]'
Slack : -1.016
TNS   : -64.080

------------------------------------------------------------
